// Jest Snapshot v1, https://goo.gl/fbAQLP

exports[`App component renders App 1`] = `
<DocumentFragment>
  <div>
    Hello I am the Home Page
  </div>
</DocumentFragment>
`;
